// Jest Snapshot v1, https://goo.gl/fbAQLP

exports[`reducer - SET_COMMENTS 1`] = `
Immutable.Map {
  posts: Immutable.Map {
    page: 1,
    entities: Immutable.Map {
    },
  },
  comments: Immutable.Map {
    1: Immutable.Map {
      id: 1,
    },
    3: Immutable.Map {
      id: 3,
    },
  },
  users: Immutable.Map {
  },
}
`;
